[2026-01-21 14:54:15.215][INFO   ][Default             ] - Hola
[2026-01-21 14:54:15.215][WARN   ][Default             ] -   Mundo
